// Jest Snapshot v1, https://jestjs.io/docs/snapshot-testing

exports[`buildFullContextString — full-output snapshot renders every section identically (byte-for-byte) 1`] = `
"# User Context for Personalized Advice

## Current Session
**Acting as**: group "Builders Guild" (you have permission to act on this group's behalf)
**Display currency**: CHF — quote prices in this currency by default; convert to/from BTC as needed.
**Live BTC price**: 1 BTC ≈ 95,000 CHF right now — use THIS rate for every BTC⇄fiat conversion. Never recall or guess a rate.
**Locale**: en-US — reply in the language and conventions of this locale unless the user writes in another language.
**Just came from**: \`/dashboard/projects/proj-1\` — if relevant to their question, reference what's on that page.

## What you remember about this user
These are durable facts you've learned about them across past conversations. Treat them as known and use them naturally — don't re-ask what you already know.
- Prefers Lightning over on-chain.
- Based in Zurich.

## Current Date & Time
Today is Monday, June 29, 2026, 12:00 UTC.

## User Profile
**Name**: Mao Nakamoto
**Username**: @mao
**Bio**: Building OrangeCat.
**Location**: Zurich, CH
**Background**: Bitcoin since 2013.
**Website**: https://orangecat.ch

## Personal Context (from user's My Context documents)

The user has shared the following context to help you provide personalized advice:

### Goals & Aspirations
**2026 Goals**:
Ship the Cat.

### Skills & Expertise
**Skills**:
TS, Bitcoin, design.

---
Use this context to personalize your responses. Reference their goals, skills, and situation when relevant. If they ask about something related to their context, use this information.

## User's OrangeCat Entities

The user has created the following on OrangeCat:

### Products
- **Sticker Pack** (0.0001 BTC) [merch]: Orange stickers. (id: prod-1)

### Projects
- **Zurich Space** [paused] @ Zurich — raised 0.5 BTC from 3 supporters: A venue. (id: proj-1)

## Group Memberships
The user is a member of the following groups:
- **Builders Guild** [guild] — role: admin (private): Makers who ship. (id: grp-1)

## Social Graph
- 10 follower(s), following 5 account(s)
- Recently followed: @alice, Bob

## Recent Project Activity
Updates on the user's projects (FleetCrown build updates are tagged):
- **Zurich Space** [via FleetCrown] (2026-06-10) — Milestone reached.

## Stakeholders
Typed relationships on the user's projects (e.g. customers):
- customer: Acme Corp

## GitHub Repositories
The user's public GitHub projects (most recently pushed first):
- **orangecat** (TypeScript, ★42) — The platform. [pushed 2026-06-28]

## Active Tasks & Reminders
⚠️ 1 task needs attention. 🔔 1 reminder is overdue.
- **Fix bug** [work] priority:urgent status:needs_attention ⚠️ OVERDUE (was due Jun 1, 2026, 10:00 UTC) [task_id: task-1]
- **Call bank** [reminder] ⚠️ OVERDUE (was due Jun 2, 2026, 10:00 UTC) [task_id: task-2]

## User's Wallets
- **Main**(personal, balance: 0.21 BTC (synced 2026-06-20), goal: 1 BTC by 2026-12-31) - one_time_goal - primary wallet
_Total last-synced balance across wallets: 0.21 BTC (cached on-chain figures, not real-time)._

## Recent Conversations
📬 1 unread conversation — proactively mention this to the user.
Use the conversation id with reply_to_message to reply on the user's behalf.
- @alice 🔴 UNREAD: "hey there" (received) [conv id: conv-1]

## Inbound Economic Activity
### Recent Sales (paid)
- **Sticker Pack** (product) — 0.0001 BTC — Jun 25, 2026

### Upcoming Bookings (as provider)
- Jul 1, 2026, 14:00 UTC with Bob [confirmed]

## Payment Capabilities
⚡ **NWC wallet connected** — can use send_payment and fund_project exec_action blocks to send Bitcoin automatically
📬 **Lightning address**: mao@orangecat.ch (others can pay the user here)

## Activity Summary
The user has: 1 product, 2 services, 1 project, 1 cause, 1 event, 1 asset, 1 loan, 1 research entity, 1 wishlist, 2 active tasks (1 urgent), 1 wallet.

---
**Instructions for using this context**:
- Reference the user's profile, goals, skills, and entities when relevant
- If they ask about their products/services/projects, you have the details above
- Tailor your advice to their situation, background, and stated goals
- Help them leverage what they already have on OrangeCat
- Suggest ways to improve or expand their OrangeCat presence"
`;
